Wed Jun 24 11:39:23 2026       
+-----------------------------------------------------------------------------------------+
| NVIDIA-SMI 560.35.03              Driver Version: 560.35.03      CUDA Version: 12.6     |
|-----------------------------------------+------------------------+----------------------+
| GPU  Name                 Persistence-M | Bus-Id          Disp.A | Volatile Uncorr. ECC |
| Fan  Temp   Perf          Pwr:Usage/Cap |           Memory-Usage | GPU-Util  Compute M. |
|                                         |                        |               MIG M. |
|=========================================+========================+======================|
|   0  Tesla V100-PCIE-32GB           Off |   00000000:3B:00.0 Off |                    0 |
| N/A   35C    P0             24W /  250W |       1MiB /  32768MiB |      0%      Default |
|                                         |                        |                  N/A |
+-----------------------------------------+------------------------+----------------------+
|   1  Tesla V100-PCIE-32GB           Off |   00000000:86:00.0 Off |                    0 |
| N/A   71C    P0            219W /  250W |   16160MiB /  32768MiB |    100%      Default |
|                                         |                        |                  N/A |
+-----------------------------------------+------------------------+----------------------+
                                                                                         
+-----------------------------------------------------------------------------------------+
| Processes:                                                                              |
|  GPU   GI   CI        PID   Type   Process name                              GPU Memory |
|        ID   ID                                                               Usage      |
|=========================================================================================|
|    1   N/A  N/A   1603636      C   /dpc/kunf0092/DALAN/myenv/bin/python        16148MiB |
+-----------------------------------------------------------------------------------------+
cuda build: 12.6
######## Faithfulness verdict run (per-class=100) ########
Device: cuda  |  out: /dpc/kuin0170/u100066980/runs/faithful_verdict  |  per-class: 100  |  controls: 6/image
Loading BioMedCLIP (hf-hub:microsoft/BiomedCLIP-PubMedBERT_256-vit_base_patch16_224) -- first run downloads ~350 MB ...
BioMedCLIP loaded.
Loaded recovered text projection: /home/kunet.ae/100066980/ESPACOL-New/Hady/BUSI_text_projection.pth
BUSI images found: 780
  [busi normal] n=100
  [busi benign] n=100
  [busi malignant] n=100
Indexing DR dataset (this can take a few seconds)...
Loaded recovered text projection: /home/kunet.ae/100066980/ESPACOL-New/Hady/DR_text_projection.pth
DR images found: 35126
  [dr grade0 (No DR)] n=100
  [dr grade1 (Mild NPDR)] n=100
  [dr grade2 (Moderate NPDR)] n=100
  [dr grade3 (Severe NPDR)] n=100
  [dr grade4 (PDR)] n=100
# Faithfulness verdict — scaled, controlled, statistically tested

- **Images**: 800 total  |  up to **100 per group**, 8 groups  |  seed 0
- **Occlusion**: blur (σ=21.0), 6 off-target controls/image  |  encoder: biomedclip
- **Tests**: paired one-sided Wilcoxon; specificity p-values BH-FDR corrected across 8 groups; α=0.05.

Verdict rule: **FAITHFUL** = specificity significant & median > 0.02; **GENERIC** = drop real but specificity not (mask>0.35 ⇒ big-mask); **INERT** = |median drop|<0.02 & drop n.s.; **ANTI-FAITHFUL** = median drop_on<0.

| group | n | drop_on med [IQR] | drop_off | specificity med (95% CI) | p_drop | p_spec(FDR) | mask% | grade-Δ% | verdict |
|---|--:|---|--:|---|--:|--:|--:|--:|---|
| BUSI:normal | 100 | +0.475 [+0.26,+0.57] | +0.081 | +0.332 (+0.25,+0.38) | <.001 | <.001 | 40% | 74% | **FAITHFUL** |
| BUSI:benign | 100 | +0.007 [+0.00,+0.05] | +0.000 | +0.006 (+0.00,+0.01) | <.001 | <.001 | 22% | 25% | **WEAK/INCONCLUSIVE** |
| BUSI:malignant | 100 | +0.001 [+0.00,+0.03] | +0.000 | +0.000 (+0.00,+0.00) | <.001 | <.001 | 30% | 22% | **WEAK/INCONCLUSIVE** |
| DR:grade0 (No DR) | 100 | -0.000 [-0.00,+0.00] | -0.000 | -0.000 (-0.00,+0.00) | 0.760 | 0.651 | 28% | 2% | **INERT** |
| DR:grade1 (Mild NPDR) | 100 | -0.052 [-0.37,-0.01] | -0.012 | -0.034 (-0.12,-0.01) | 1.000 | 1.000 | 18% | 42% | **ANTI-FAITHFUL** |
| DR:grade2 (Moderate NPDR) | 100 | -0.001 [-0.00,+0.24] | -0.001 | -0.000 (-0.00,+0.04) | 0.003 | <.001 | 22% | 40% | **WEAK/INCONCLUSIVE** |
| DR:grade3 (Severe NPDR) | 100 | -0.001 [-0.00,+0.00] | -0.001 | +0.001 (+0.00,+0.00) | 1.000 | <.001 | 17% | 8% | **INERT** |
| DR:grade4 (PDR) | 100 | -0.000 [-0.00,+0.00] | -0.000 | +0.000 (-0.00,+0.00) | 0.647 | 0.294 | 8% | 1% | **INERT** |

**Bottom line.** 1 of 8 groups are statistically location-specific (FAITHFUL). The decisive column is `specificity med (95% CI)` with a significant `p_spec(FDR)` — not the bare `drop_on`. `grade-Δ%` is the fraction of images whose predicted grade changed under the on-target occlusion (the WHY↔grade coupling).

**Caveats.** Numbers require `--encoder biomedclip` + recovered bridges. Diffuse heatmaps (high mask%) let the off-target control overlap the real region, *understating* specificity — sharpen with `--threshold` or the proposed seg loss. DR severe/PDR cosines are negative; the test is sign-agnostic (uses the change).

Wrote verdict artifacts to /dpc/kuin0170/u100066980/runs/faithful_verdict
######## DONE — outputs in /dpc/kuin0170/u100066980/runs/faithful_verdict ########
total 296
drwxr-sr-x 2 100066980@kunet.ae kuin0170@kunet.ae  4096 Jun 24 11:46 .
drwxr-sr-x 6 100066980@kunet.ae kuin0170@kunet.ae  4096 Jun 24 11:16 ..
-rw-r--r-- 1 100066980@kunet.ae kuin0170@kunet.ae  2918 Jun 24 11:46 per_group_verdict.csv
-rw-r--r-- 1 100066980@kunet.ae kuin0170@kunet.ae 98749 Jun 24 11:46 per_image.csv
-rw-r--r-- 1 100066980@kunet.ae kuin0170@kunet.ae  5543 Jun 24 11:46 slurm-9259555.out
-rw-r--r-- 1 100066980@kunet.ae kuin0170@kunet.ae  6369 Jun 24 11:46 verdict.json
-rw-r--r-- 1 100066980@kunet.ae kuin0170@kunet.ae 66458 Jun 24 11:46 verdict_dropon_vs_off.png
-rw-r--r-- 1 100066980@kunet.ae kuin0170@kunet.ae  2388 Jun 24 11:46 verdict_report.md
-rw-r--r-- 1 100066980@kunet.ae kuin0170@kunet.ae 95409 Jun 24 11:46 verdict_specificity_box.png
